// Jest Snapshot v1, https://goo.gl/fbAQLP

exports[`it renders the content 1`] = `
<div
  className="tab-header"
>
  bar
</div>
`;
